// Jest Snapshot v1, https://goo.gl/fbAQLP

exports[`drag and show left part 1`] = `
<div class="van-cell-swipe">
  <div class="van-cell-swipe__wrapper">
    <div class="van-cell-swipe__left"></div>
    <div class="van-cell-swipe__right"></div>
  </div>
</div>
`;

exports[`drag and show left part 2`] = `
<div class="van-cell-swipe">
  <div class="van-cell-swipe__wrapper">
    <div class="van-cell-swipe__left"></div>
    <div class="van-cell-swipe__right"></div>
  </div>
</div>
`;

exports[`drag and show left part 3`] = `
<div class="van-cell-swipe">
  <div class="van-cell-swipe__wrapper">
    <div class="van-cell-swipe__left"></div>
    <div class="van-cell-swipe__right"></div>
  </div>
</div>
`;

exports[`drag and show left part 4`] = `
<div class="van-cell-swipe">
  <div class="van-cell-swipe__wrapper">
    <div class="van-cell-swipe__left"></div>
    <div class="van-cell-swipe__right"></div>
  </div>
</div>
`;

exports[`drag and show left part 5`] = `
<div class="van-cell-swipe">
  <div class="van-cell-swipe__wrapper">
    <div class="van-cell-swipe__left"></div>
    <div class="van-cell-swipe__right"></div>
  </div>
</div>
`;
